BL51 BANKED LINKER/LOCATER V6.22.4.0                                                    07/04/2024  09:25:03  PAGE 1


BL51 BANKED LINKER/LOCATER V6.22.4.0, INVOKED BY:
C:\KEIL_V5\C51\BIN\BL51.EXE .\Objects\test.obj TO .\Objects\test PRINT (.\Listings\test.m51)


MEMORY MODEL: SMALL


INPUT MODULES INCLUDED:
  .\Objects\test.obj (TEST)
  C:\KEIL_V5\C51\LIB\C51S.LIB (?C_STARTUP)


LINK MAP OF MODULE:  .\Objects\test (TEST)


            TYPE    BASE      LENGTH    RELOCATION   SEGMENT NAME
            -----------------------------------------------------

            * * * * * * *   D A T A   M E M O R Y   * * * * * * *
            REG     0000H     0008H     ABSOLUTE     "REG BANK 0"
            IDATA   0008H     0001H     UNIT         ?STACK

            * * * * * * *   C O D E   M E M O R Y   * * * * * * *
            CODE    0000H     0003H     ABSOLUTE     
                    0003H     07FDH                  *** GAP ***
            CODE    0800H     001FH     UNIT         ?PR?MAIN?TEST
            CODE    081FH     000CH     UNIT         ?C_C51STARTUP



OVERLAY MAP OF MODULE:   .\Objects\test (TEST)


SEGMENT
  +--> CALLED SEGMENT
---------------------
?C_C51STARTUP
  +--> ?PR?MAIN?TEST



SYMBOL TABLE OF MODULE:  .\Objects\test (TEST)

  VALUE           TYPE          NAME
  ----------------------------------

  -------         MODULE        TEST
  C:0000H         SYMBOL        _ICE_DUMMY_
  D:00A0H         PUBLIC        P2
  C:0800H         PUBLIC        main
  -------         PROC          MAIN
  C:0800H         LINE#         2
  C:0800H         LINE#         3
  C:0800H         LINE#         4
  C:0803H         LINE#         5
  C:0803H         LINE#         6
  C:0803H         LINE#         8
  C:0803H         LINE#         9
BL51 BANKED LINKER/LOCATER V6.22.4.0                                                  07/04/2024  09:25:03  PAGE 2


  C:0809H         LINE#         10
  C:0809H         LINE#         11
  C:0810H         LINE#         13
  C:0810H         LINE#         14
  C:0816H         LINE#         15
  C:0816H         LINE#         16
  C:081DH         LINE#         17
  -------         ENDPROC       MAIN
  -------         ENDMOD        TEST

******************************************************************************
* RESTRICTED VERSION WITH 0800H BYTE CODE SIZE LIMIT; USED: 001FH BYTE ( 1%) *
******************************************************************************

Program Size: data=9.0 xdata=0 code=46
LINK/LOCATE RUN COMPLETE.  0 WARNING(S),  0 ERROR(S)
