BL51 BANKED LINKER/LOCATER V6.22.4.0                                                    07/04/2024  09:34:09  PAGE 1


BL51 BANKED LINKER/LOCATER V6.22.4.0, INVOKED BY:
C:\KEIL_V5\C51\BIN\BL51.EXE .\Objects\test.obj TO .\Objects\test PRINT (.\Listings\test.m51)


MEMORY MODEL: SMALL


INPUT MODULES INCLUDED:
  .\Objects\test.obj (TEST)
  C:\KEIL_V5\C51\LIB\C51S.LIB (?C_STARTUP)
  C:\KEIL_V5\C51\LIB\C51S.LIB (?C_INIT)


LINK MAP OF MODULE:  .\Objects\test (TEST)


            TYPE    BASE      LENGTH    RELOCATION   SEGMENT NAME
            -----------------------------------------------------

            * * * * * * *   D A T A   M E M O R Y   * * * * * * *
            REG     0000H     0008H     ABSOLUTE     "REG BANK 0"
            DATA    0008H     002CH     UNIT         ?DT?TEST
            IDATA   0034H     0001H     UNIT         ?STACK

            * * * * * * *   C O D E   M E M O R Y   * * * * * * *
            CODE    0000H     0003H     ABSOLUTE     
                    0003H     07FDH                  *** GAP ***
            CODE    0800H     008CH     UNIT         ?C_C51STARTUP
            CODE    088CH     0030H     UNIT         ?C_INITSEG
            CODE    08BCH     001DH     UNIT         ?PR?MAIN?TEST



OVERLAY MAP OF MODULE:   .\Objects\test (TEST)


SEGMENT
  +--> CALLED SEGMENT
---------------------
?C_C51STARTUP
  +--> ?PR?MAIN?TEST
  +--> ?C_INITSEG



SYMBOL TABLE OF MODULE:  .\Objects\test (TEST)

  VALUE           TYPE          NAME
  ----------------------------------

  -------         MODULE        TEST
  C:0000H         SYMBOL        _ICE_DUMMY_
  D:0090H         PUBLIC        P1
  C:08BCH         PUBLIC        main
  D:0008H         PUBLIC        sine
  -------         PROC          MAIN
  -------         DO            
  D:0006H         SYMBOL        i
BL51 BANKED LINKER/LOCATER V6.22.4.0                                                  07/04/2024  09:34:09  PAGE 2


  -------         ENDDO         
  C:08BCH         LINE#         6
  C:08BCH         LINE#         7
  C:08BCH         LINE#         9
  C:08BFH         LINE#         10
  C:08BFH         LINE#         11
  C:08BFH         LINE#         12
  C:08C2H         LINE#         13
  C:08C2H         LINE#         14
  C:08CCH         LINE#         15
  -------         ENDPROC       MAIN
  -------         ENDMOD        TEST

******************************************************************************
* RESTRICTED VERSION WITH 0800H BYTE CODE SIZE LIMIT; USED: 004CH BYTE ( 3%) *
******************************************************************************

Program Size: data=53.0 xdata=0 code=220
LINK/LOCATE RUN COMPLETE.  0 WARNING(S),  0 ERROR(S)
